../Core/Src/main.c:76:6:seven_display	16	static
../Core/Src/main.c:94:6:digit_config	16	static
../Core/Src/main.c:129:6:read_adc	8	static
../Core/Src/main.c:145:10:map	16	static
../Core/Src/main.c:158:10:map2	16	static
../Core/Src/main.c:166:6:TIM4_IRQHandler	16	static
../Core/Src/main.c:185:5:main	8	static
../Core/Src/main.c:233:6:SystemClock_Config	88	static
../Core/Src/main.c:279:13:MX_ADC1_Init	24	static
../Core/Src/main.c:331:13:MX_TIM2_Init	64	static
../Core/Src/main.c:390:13:MX_TIM4_Init	32	static
../Core/Src/main.c:435:13:MX_GPIO_Init	48	static
../Core/Src/main.c:485:6:Error_Handler	4	static
